-- aria: platform = Windows
-- Could NOT find WrapVulkanHeaders (missing: Vulkan_INCLUDE_DIR) 
-- 
-- aria v3.0.0 configuration:
--   Platform        : Windows
--   Build type      : Release
--   C++ standard    : 23
--   Compiler        : GNU 15.2.0
--   Tests           : OFF
--   Benchmark       : OFF
--   Shared libs     : ON
--   Qt6 adapter     : ON
--   HTTP adapter    : OFF
--   JNI adapter     : OFF
--   macOS AppKit    : OFF
--   iOS UIKit       : OFF
--   ASan/UBSan/TSan : OFF/OFF/OFF
-- 
-- continuo: I/O backend = iocp (Windows)
-- Could NOT find WrapVulkanHeaders (missing: Vulkan_INCLUDE_DIR) 
-- Configuring done (0.3s)
CMake Error at core/CMakeLists.txt:46 (target_link_libraries):
  Target "ariaagent_core" links to:

    Mira::transport

  but the target was not found.  Possible reasons include:

    * There is a typo in the target name.
    * A find_package call is missing for an IMPORTED target.
    * An ALIAS target is missing.



-- Generating done (0.1s)
CMake Generate step failed.  Build files cannot be regenerated correctly.
